// ANCHOR: run
$ sspur run geo.ssp
dist 5.0
side 3.0 0.0
len 5
$ sspur test geo.ssp
2 passed, 0 failed
// ANCHOR_END: run
// ANCHOR: bind
$ sspur bind point.h --lib point
// generated by sspur bind from point.h
extern fn point_norm(x: F64, y: F64) -> F64 ! ffi from "point"
extern fn point_quadrant(x: F64, y: F64) -> I32 ! ffi from "point"
extern fn point_label(quadrant: I32) -> Opt[Str] ! ffi from "point"
// skipped 1 declaration(s):
//   point_free: parameter p has type point * (unsupported pointer)
// ANCHOR_END: bind
// ANCHOR: export
$ sspur export-c geo.ssp -o libgeo
export  geo_dist
export  geo_cube_side
export  geo_name_len
export  geo_has_home
export  geo_side_or_zero
export  geo_main
wrote libgeo.a and libgeo.h; link with -L. -lgeo -lm
$ cat libgeo.h
...
int32_t geo_dist(double x1, double y1, double x2, double y2, double* out);
int32_t geo_cube_side(double volume, double* out);
int32_t geo_name_len(const char* name, int64_t* out);
int32_t geo_has_home(bool* out);
int32_t geo_side_or_zero(double v, double* out);
int32_t geo_main(void);

const char* geo_last_error(void);
void geo_free(void* p);
...
// ANCHOR_END: export
