$ cd pkg/shop
// ANCHOR: add
$ sspur add ../money
added money 0.1.0 #hfxpwwzddzox (path+../money): Money, MoneyErr, cents, fmt, impl Add for money.Money
// ANCHOR_END: add
// ANCHOR: toml
$ cat sspur.toml
[package]
name = "shop"
version = "0.1.0"
src = "main.ssp"

[deps]
money = { path = "../money" }
// ANCHOR_END: toml
// ANCHOR: run
$ sspur run
$19.99
invalid: -5
$ sspur test
3 passed, 0 failed
$ sspur deps tree
shop 0.1.0
  money 0.1.0 #hfxpwwzddzox path+../money
// ANCHOR_END: run
// ANCHOR: lock
$ cat sspur.lock
# sspur.lock: generated by sspur. Each dependency is pinned by the hash of its exports.

[[dep]]
name = "money"
version = "0.1.0"
source = "path+../money"
hash = "hfxpwwzddzoxhcf5jsfnbtwgrgeolp7j4b6ifpfkdtsfiygbx4aq"
deps = []
// ANCHOR_END: lock
